// Jest Snapshot v1, https://goo.gl/fbAQLP

exports[`test Room add player add player after playing 1`] = `
Array [
  Array [
    "player_list_update",
    Object {
      "players": Object {
        "user1": Object {
          "index": 0,
          "prepared": true,
        },
        "user2": Object {
          "index": 1,
          "prepared": true,
        },
      },
      "spectaculars": Array [],
    },
  ],
  Array [
    "player_list_update",
    Object {
      "players": Object {
        "user1": Object {
          "index": 0,
          "prepared": true,
        },
        "user2": Object {
          "index": 1,
          "prepared": true,
        },
      },
      "spectaculars": Array [],
    },
  ],
  Array [
    "player_list_update",
    Object {
      "players": Object {
        "user1": Object {
          "index": 0,
          "prepared": true,
        },
        "user2": Object {
          "index": 1,
          "prepared": true,
        },
      },
      "spectaculars": Array [],
    },
  ],
  Array [
    "player_list_update",
    Object {
      "players": Object {
        "user1": Object {
          "index": 0,
          "prepared": true,
        },
        "user2": Object {
          "index": 1,
          "prepared": true,
        },
      },
      "spectaculars": Array [],
    },
  ],
  Array [
    "launch",
    Object {
      "players": Object {
        "user1": Object {
          "index": 0,
          "prepared": true,
        },
        "user2": Object {
          "index": 1,
          "prepared": true,
        },
      },
      "spectaculars": Array [],
    },
  ],
  Array [
    "setup_map",
    Object {
      "tiles": Array [
        Object {
          "direction": 2,
          "position": Object {
            "xTile": 0,
            "yTile": 0,
          },
          "tileId": "M01",
        },
        Object {
          "direction": 2,
          "position": Object {
            "xTile": 1,
            "yTile": 0,
          },
          "tileId": "M18",
        },
        Object {
          "direction": 2,
          "position": Object {
            "xTile": 2,
            "yTile": 0,
          },
          "tileId": "M02",
        },
        Object {
          "direction": 2,
          "position": Object {
            "xTile": 0,
            "yTile": 1,
          },
          "tileId": "M14",
        },
        Object {
          "direction": 2,
          "position": Object {
            "xTile": 1,
            "yTile": 1,
          },
          "tileId": "M03",
        },
        Object {
          "direction": 2,
          "position": Object {
            "xTile": 2,
            "yTile": 1,
          },
          "tileId": "M12",
        },
        Object {
          "direction": 2,
          "position": Object {
            "xTile": 0,
            "yTile": 2,
          },
          "tileId": "M04",
        },
        Object {
          "direction": 2,
          "position": Object {
            "xTile": 1,
            "yTile": 2,
          },
          "tileId": "M16",
        },
        Object {
          "direction": 2,
          "position": Object {
            "xTile": 2,
            "yTile": 2,
          },
          "tileId": "M05",
        },
      ],
    },
  ],
  Array [
    "pool_update",
    Object {
      "ads": Array [
        "Mk01",
        "Mk02",
        "Mk03",
        "Mk04",
        "Mk05",
        "Mk06",
        "Mk07",
        "Mk08",
        "Mk09",
        "Mk10",
        "Mk11",
        "Mk13",
        "Mk14",
      ],
      "employees": Object {
        "E01": 12,
        "E02": 18,
        "E03": 12,
        "E04": 12,
        "E05": 12,
        "E06": 12,
        "E07": 12,
        "E08": 12,
        "E09": 6,
        "E10": 12,
        "E11": 1,
        "E12": 6,
        "E13": 6,
        "E14": 6,
        "E15": 6,
        "E16": 6,
        "E17": 6,
        "E18": 6,
        "E19": 6,
        "E20": 6,
        "E21": 6,
        "E22": 6,
        "E23": 1,
        "E24": 1,
        "E25": 1,
        "E26": 6,
        "E27": 3,
        "E28": 1,
        "E29": 1,
        "E30": 1,
        "E31": 1,
        "E32": 1,
      },
      "gardenNumber": 8,
      "houses": Array [
        "H01",
        "H03",
        "H06",
        "H09",
        "H11",
        "H14",
        "H17",
        "H19",
      ],
      "milestones": Object {
        "achieved": Object {},
        "new": Object {},
        "remain": Array [
          "Mi01",
          "Mi02",
          "Mi03",
          "Mi04",
          "Mi05",
          "Mi06",
          "Mi07",
          "Mi08",
          "Mi09",
          "Mi10",
          "Mi11",
          "Mi12",
          "Mi13",
          "Mi14",
          "Mi15",
          "Mi16",
          "Mi17",
          "Mi18",
        ],
      },
      "money": 100,
    },
  ],
  Array [
    "order_decision",
    Object {
      "available": Array [],
      "selected": Array [
        "user1",
        "user2",
      ],
    },
  ],
  Array [
    "first_restaurant_decision",
    Object {
      "nextPlayer": "user2",
      "skippable": true,
    },
  ],
]
`;

exports[`test Room add player add vacant seat at first 1`] = `
Array [
  Array [
    "player_list_update",
    Object {
      "players": Object {
        "new_user": Object {
          "index": 0,
          "prepared": false,
        },
        "user2": Object {
          "index": 1,
          "prepared": false,
        },
        "user4": Object {
          "index": 3,
          "prepared": false,
        },
      },
      "spectaculars": Array [],
    },
  ],
  Array [
    "player_list_update",
    Object {
      "players": Object {
        "new_user": Object {
          "index": 0,
          "prepared": false,
        },
        "user2": Object {
          "index": 1,
          "prepared": false,
        },
        "user4": Object {
          "index": 3,
          "prepared": false,
        },
      },
      "spectaculars": Array [],
    },
  ],
  Array [
    "player_list_update",
    Object {
      "players": Object {
        "new_user": Object {
          "index": 0,
          "prepared": false,
        },
        "user2": Object {
          "index": 1,
          "prepared": false,
        },
        "user4": Object {
          "index": 3,
          "prepared": false,
        },
      },
      "spectaculars": Array [],
    },
  ],
  Array [
    "player_list_update",
    Object {
      "players": Object {
        "new_user": Object {
          "index": 0,
          "prepared": false,
        },
        "user2": Object {
          "index": 1,
          "prepared": false,
        },
        "user4": Object {
          "index": 3,
          "prepared": false,
        },
      },
      "spectaculars": Array [],
    },
  ],
  Array [
    "player_list_update",
    Object {
      "players": Object {
        "new_user": Object {
          "index": 0,
          "prepared": false,
        },
        "user2": Object {
          "index": 1,
          "prepared": false,
        },
        "user4": Object {
          "index": 3,
          "prepared": false,
        },
      },
      "spectaculars": Array [],
    },
  ],
  Array [
    "player_list_update",
    Object {
      "players": Object {
        "new_user": Object {
          "index": 0,
          "prepared": false,
        },
        "user2": Object {
          "index": 1,
          "prepared": false,
        },
        "user4": Object {
          "index": 3,
          "prepared": false,
        },
      },
      "spectaculars": Array [],
    },
  ],
  Array [
    "player_list_update",
    Object {
      "players": Object {
        "new_user": Object {
          "index": 0,
          "prepared": false,
        },
        "user2": Object {
          "index": 1,
          "prepared": false,
        },
        "user4": Object {
          "index": 3,
          "prepared": false,
        },
      },
      "spectaculars": Array [],
    },
  ],
]
`;

exports[`test Room test preparation change all prepared multiple players 1`] = `
Array [
  Array [
    "player_list_update",
    Object {
      "players": Object {
        "user1": Object {
          "index": 0,
          "prepared": true,
        },
        "user2": Object {
          "index": 1,
          "prepared": true,
        },
      },
      "spectaculars": Array [],
    },
  ],
  Array [
    "player_list_update",
    Object {
      "players": Object {
        "user1": Object {
          "index": 0,
          "prepared": true,
        },
        "user2": Object {
          "index": 1,
          "prepared": true,
        },
      },
      "spectaculars": Array [],
    },
  ],
  Array [
    "player_list_update",
    Object {
      "players": Object {
        "user1": Object {
          "index": 0,
          "prepared": true,
        },
        "user2": Object {
          "index": 1,
          "prepared": true,
        },
      },
      "spectaculars": Array [],
    },
  ],
  Array [
    "player_list_update",
    Object {
      "players": Object {
        "user1": Object {
          "index": 0,
          "prepared": true,
        },
        "user2": Object {
          "index": 1,
          "prepared": true,
        },
      },
      "spectaculars": Array [],
    },
  ],
  Array [
    "launch",
    Object {
      "players": Object {
        "user1": Object {
          "index": 0,
          "prepared": true,
        },
        "user2": Object {
          "index": 1,
          "prepared": true,
        },
      },
      "spectaculars": Array [],
    },
  ],
  Array [
    "setup_map",
    Object {
      "tiles": Array [
        Object {
          "direction": 2,
          "position": Object {
            "xTile": 0,
            "yTile": 0,
          },
          "tileId": "M01",
        },
        Object {
          "direction": 2,
          "position": Object {
            "xTile": 1,
            "yTile": 0,
          },
          "tileId": "M18",
        },
        Object {
          "direction": 2,
          "position": Object {
            "xTile": 2,
            "yTile": 0,
          },
          "tileId": "M02",
        },
        Object {
          "direction": 2,
          "position": Object {
            "xTile": 0,
            "yTile": 1,
          },
          "tileId": "M14",
        },
        Object {
          "direction": 2,
          "position": Object {
            "xTile": 1,
            "yTile": 1,
          },
          "tileId": "M03",
        },
        Object {
          "direction": 2,
          "position": Object {
            "xTile": 2,
            "yTile": 1,
          },
          "tileId": "M12",
        },
        Object {
          "direction": 2,
          "position": Object {
            "xTile": 0,
            "yTile": 2,
          },
          "tileId": "M04",
        },
        Object {
          "direction": 2,
          "position": Object {
            "xTile": 1,
            "yTile": 2,
          },
          "tileId": "M16",
        },
        Object {
          "direction": 2,
          "position": Object {
            "xTile": 2,
            "yTile": 2,
          },
          "tileId": "M05",
        },
      ],
    },
  ],
  Array [
    "pool_update",
    Object {
      "ads": Array [
        "Mk01",
        "Mk02",
        "Mk03",
        "Mk04",
        "Mk05",
        "Mk06",
        "Mk07",
        "Mk08",
        "Mk09",
        "Mk10",
        "Mk11",
        "Mk13",
        "Mk14",
      ],
      "employees": Object {
        "E01": 12,
        "E02": 18,
        "E03": 12,
        "E04": 12,
        "E05": 12,
        "E06": 12,
        "E07": 12,
        "E08": 12,
        "E09": 6,
        "E10": 12,
        "E11": 1,
        "E12": 6,
        "E13": 6,
        "E14": 6,
        "E15": 6,
        "E16": 6,
        "E17": 6,
        "E18": 6,
        "E19": 6,
        "E20": 6,
        "E21": 6,
        "E22": 6,
        "E23": 1,
        "E24": 1,
        "E25": 1,
        "E26": 6,
        "E27": 3,
        "E28": 1,
        "E29": 1,
        "E30": 1,
        "E31": 1,
        "E32": 1,
      },
      "gardenNumber": 8,
      "houses": Array [
        "H01",
        "H03",
        "H06",
        "H09",
        "H11",
        "H14",
        "H17",
        "H19",
      ],
      "milestones": Object {
        "achieved": Object {},
        "new": Object {},
        "remain": Array [
          "Mi01",
          "Mi02",
          "Mi03",
          "Mi04",
          "Mi05",
          "Mi06",
          "Mi07",
          "Mi08",
          "Mi09",
          "Mi10",
          "Mi11",
          "Mi12",
          "Mi13",
          "Mi14",
          "Mi15",
          "Mi16",
          "Mi17",
          "Mi18",
        ],
      },
      "money": 100,
    },
  ],
  Array [
    "order_decision",
    Object {
      "available": Array [],
      "selected": Array [
        "user1",
        "user2",
      ],
    },
  ],
  Array [
    "first_restaurant_decision",
    Object {
      "nextPlayer": "user2",
      "skippable": true,
    },
  ],
]
`;
